// Jest Snapshot v1, https://goo.gl/fbAQLP

exports[`renders correctly 1`] = `
<View
  accessibilityIgnoresInvertColors={true}
  style={
    {
      "alignItems": "center",
      "flex": 1,
    }
  }
>
  <Image
    source={1}
    style={
      [
        {
          "bottom": 0,
          "left": 0,
          "position": "absolute",
          "right": 0,
          "top": 0,
        },
        {
          "height": undefined,
          "width": undefined,
        },
        undefined,
      ]
    }
  />
  <Image
    source={1}
    style={
      {
        "height": 40,
        "marginTop": 70,
        "resizeMode": "contain",
        "width": 40,
      }
    }
  />
  <Text
    style={
      {
        "color": "#4a4a4a",
        "fontSize": 23,
        "marginHorizontal": "10%",
        "marginTop": 15,
        "textAlign": "center",
      }
    }
  />
  <View
    style={
      {
        "alignItems": "center",
        "bottom": 25,
        "left": 0,
        "position": "absolute",
        "right": 0,
      }
    }
  >
    <Text
      style={
        {
          "color": "#4a4a4a",
          "fontSize": 22,
          "marginVertical": 15,
        }
      }
    />
    <View
      accessibilityState={
        {
          "busy": undefined,
          "checked": undefined,
          "disabled": undefined,
          "expanded": undefined,
          "selected": undefined,
        }
      }
      accessibilityValue={
        {
          "max": undefined,
          "min": undefined,
          "now": undefined,
          "text": undefined,
        }
      }
      accessible={true}
      collapsable={false}
      focusable={false}
      onClick={[Function]}
      onResponderGrant={[Function]}
      onResponderMove={[Function]}
      onResponderRelease={[Function]}
      onResponderTerminate={[Function]}
      onResponderTerminationRequest={[Function]}
      onStartShouldSetResponder={[Function]}
      style={
        {
          "alignItems": "center",
          "backgroundColor": "#69c0ba",
          "borderRadius": 10,
          "height": 55,
          "justifyContent": "center",
          "opacity": 1,
          "paddingHorizontal": 10,
          "width": "80%",
        }
      }
    >
      <Text
        style={
          {
            "color": "#ffffff",
            "fontSize": 22,
            "textAlign": "center",
          }
        }
      />
    </View>
  </View>
</View>
`;
